============================= test session starts =============================
collected 332 items

tests\test_calibration_properties.py ...                                 [  0%]
tests\test_config_basic.py ............................................. [ 14%]
.                                                                        [ 14%]
tests\test_config_properties.py .................                        [ 19%]
tests\test_disparity_basic.py .........................                  [ 27%]
tests\test_disparity_properties.py ............                          [ 31%]
tests\test_ground_plane_basic.py ............................            [ 39%]
tests\test_ground_plane_properties.py ..................                 [ 44%]
tests\test_outlier_integration.py ..                                     [ 45%]
tests\test_preprocessing_basic.py ............                           [ 49%]
tests\test_preprocessing_properties.py ......F..                         [ 51%]
tests\test_quality_metrics_basic.py ...............                      [ 56%]
tests\test_quality_metrics_properties.py ..F......                       [ 59%]
tests\test_reconstruction_basic.py ..................................    [ 69%]
tests\test_reconstruction_properties.py ...........F...                  [ 73%]
tests\test_volumetric_basic.py ......................................... [ 86%]
.................                                                        [ 91%]
tests\test_volumetric_properties.py ....F........................        [100%]

=========================== short test summary info ===========================
FAILED tests/test_preprocessing_properties.py::TestEdgePreservingNoiseFilteringProperties::test_property_31_edge_preserving_noise_filtering
FAILED tests/test_quality_metrics_properties.py::test_property_26_temporal_stability_measurement
FAILED tests/test_reconstruction_properties.py::TestOutlierRemoverProperties::test_property_14_spatial_coherence_preservation
FAILED tests/test_volumetric_properties.py::TestAlphaShapeGeneratorProperties::test_property_15_alpha_parameter_effect_on_tightness
================== 4 failed, 328 passed in 412.19s (0:06:52) ==================
